OMGHAI!
-------- day 0 --------
code, name, sellIn, quality
DEXTVEST, +5 Dexterity Vest, 10, 20
AGEDBRIE, Aged Brie, 2, 0
EXILMONGOOSE, Elixir of the Mongoose, 5, 7
SULFRAG, Sulfuras, Hand of Ragnaros, 0, 80
SULFRAG, Sulfuras, Hand of Ragnaros, -1, 80
BACKSTAGEPASS, Backstage passes to a TAFKAL80ETC concert, 15, 20
BACKSTAGEPASS, Backstage passes to a TAFKAL80ETC concert, 10, 49
BACKSTAGEPASS, Backstage passes to a TAFKAL80ETC concert, 5, 49

-------- day 1 --------
code, name, sellIn, quality
DEXTVEST, +5 Dexterity Vest, 10, 19
AGEDBRIE, Aged Brie, 2, 1
EXILMONGOOSE, Elixir of the Mongoose, 5, 6
SULFRAG, Sulfuras, Hand of Ragnaros, -1, 80
SULFRAG, Sulfuras, Hand of Ragnaros, -2, 80
BACKSTAGEPASS, Backstage passes to a TAFKAL80ETC concert, 15, 20
BACKSTAGEPASS, Backstage passes to a TAFKAL80ETC concert, 10, 50
BACKSTAGEPASS, Backstage passes to a TAFKAL80ETC concert, 5, 50

-------- day 2 --------
code, name, sellIn, quality
DEXTVEST, +5 Dexterity Vest, 10, 18
AGEDBRIE, Aged Brie, 2, 2
EXILMONGOOSE, Elixir of the Mongoose, 5, 5
SULFRAG, Sulfuras, Hand of Ragnaros, -2, 80
SULFRAG, Sulfuras, Hand of Ragnaros, -3, 80
BACKSTAGEPASS, Backstage passes to a TAFKAL80ETC concert, 15, 20
BACKSTAGEPASS, Backstage passes to a TAFKAL80ETC concert, 10, 50
BACKSTAGEPASS, Backstage passes to a TAFKAL80ETC concert, 5, 50

-------- day 3 --------
code, name, sellIn, quality
DEXTVEST, +5 Dexterity Vest, 10, 17
AGEDBRIE, Aged Brie, 2, 3
EXILMONGOOSE, Elixir of the Mongoose, 5, 4
SULFRAG, Sulfuras, Hand of Ragnaros, -3, 80
SULFRAG, Sulfuras, Hand of Ragnaros, -4, 80
BACKSTAGEPASS, Backstage passes to a TAFKAL80ETC concert, 15, 20
BACKSTAGEPASS, Backstage passes to a TAFKAL80ETC concert, 10, 50
BACKSTAGEPASS, Backstage passes to a TAFKAL80ETC concert, 5, 50

-------- day 4 --------
code, name, sellIn, quality
DEXTVEST, +5 Dexterity Vest, 10, 16
AGEDBRIE, Aged Brie, 2, 4
EXILMONGOOSE, Elixir of the Mongoose, 5, 3
SULFRAG, Sulfuras, Hand of Ragnaros, -4, 80
SULFRAG, Sulfuras, Hand of Ragnaros, -5, 80
BACKSTAGEPASS, Backstage passes to a TAFKAL80ETC concert, 15, 20
BACKSTAGEPASS, Backstage passes to a TAFKAL80ETC concert, 10, 50
BACKSTAGEPASS, Backstage passes to a TAFKAL80ETC concert, 5, 50

-------- day 5 --------
code, name, sellIn, quality
DEXTVEST, +5 Dexterity Vest, 10, 15
AGEDBRIE, Aged Brie, 2, 5
EXILMONGOOSE, Elixir of the Mongoose, 5, 2
SULFRAG, Sulfuras, Hand of Ragnaros, -5, 80
SULFRAG, Sulfuras, Hand of Ragnaros, -6, 80
BACKSTAGEPASS, Backstage passes to a TAFKAL80ETC concert, 15, 20
BACKSTAGEPASS, Backstage passes to a TAFKAL80ETC concert, 10, 50
BACKSTAGEPASS, Backstage passes to a TAFKAL80ETC concert, 5, 50

-------- day 6 --------
code, name, sellIn, quality
DEXTVEST, +5 Dexterity Vest, 10, 14
AGEDBRIE, Aged Brie, 2, 6
EXILMONGOOSE, Elixir of the Mongoose, 5, 1
SULFRAG, Sulfuras, Hand of Ragnaros, -6, 80
SULFRAG, Sulfuras, Hand of Ragnaros, -7, 80
BACKSTAGEPASS, Backstage passes to a TAFKAL80ETC concert, 15, 20
BACKSTAGEPASS, Backstage passes to a TAFKAL80ETC concert, 10, 50
BACKSTAGEPASS, Backstage passes to a TAFKAL80ETC concert, 5, 50

-------- day 7 --------
code, name, sellIn, quality
DEXTVEST, +5 Dexterity Vest, 10, 13
AGEDBRIE, Aged Brie, 2, 7
EXILMONGOOSE, Elixir of the Mongoose, 5, 0
SULFRAG, Sulfuras, Hand of Ragnaros, -7, 80
SULFRAG, Sulfuras, Hand of Ragnaros, -8, 80
BACKSTAGEPASS, Backstage passes to a TAFKAL80ETC concert, 15, 20
BACKSTAGEPASS, Backstage passes to a TAFKAL80ETC concert, 10, 50
BACKSTAGEPASS, Backstage passes to a TAFKAL80ETC concert, 5, 50

-------- day 8 --------
code, name, sellIn, quality
DEXTVEST, +5 Dexterity Vest, 10, 12
AGEDBRIE, Aged Brie, 2, 8
EXILMONGOOSE, Elixir of the Mongoose, 5, 0
SULFRAG, Sulfuras, Hand of Ragnaros, -8, 80
SULFRAG, Sulfuras, Hand of Ragnaros, -9, 80
BACKSTAGEPASS, Backstage passes to a TAFKAL80ETC concert, 15, 20
BACKSTAGEPASS, Backstage passes to a TAFKAL80ETC concert, 10, 50
BACKSTAGEPASS, Backstage passes to a TAFKAL80ETC concert, 5, 50

-------- day 9 --------
code, name, sellIn, quality
DEXTVEST, +5 Dexterity Vest, 10, 11
AGEDBRIE, Aged Brie, 2, 9
EXILMONGOOSE, Elixir of the Mongoose, 5, 0
SULFRAG, Sulfuras, Hand of Ragnaros, -9, 80
SULFRAG, Sulfuras, Hand of Ragnaros, -10, 80
BACKSTAGEPASS, Backstage passes to a TAFKAL80ETC concert, 15, 20
BACKSTAGEPASS, Backstage passes to a TAFKAL80ETC concert, 10, 50
BACKSTAGEPASS, Backstage passes to a TAFKAL80ETC concert, 5, 50

-------- day 10 --------
code, name, sellIn, quality
DEXTVEST, +5 Dexterity Vest, 10, 10
AGEDBRIE, Aged Brie, 2, 10
EXILMONGOOSE, Elixir of the Mongoose, 5, 0
SULFRAG, Sulfuras, Hand of Ragnaros, -10, 80
SULFRAG, Sulfuras, Hand of Ragnaros, -11, 80
BACKSTAGEPASS, Backstage passes to a TAFKAL80ETC concert, 15, 20
BACKSTAGEPASS, Backstage passes to a TAFKAL80ETC concert, 10, 50
BACKSTAGEPASS, Backstage passes to a TAFKAL80ETC concert, 5, 50

-------- day 11 --------
code, name, sellIn, quality
DEXTVEST, +5 Dexterity Vest, 10, 9
AGEDBRIE, Aged Brie, 2, 11
EXILMONGOOSE, Elixir of the Mongoose, 5, 0
SULFRAG, Sulfuras, Hand of Ragnaros, -11, 80
SULFRAG, Sulfuras, Hand of Ragnaros, -12, 80
BACKSTAGEPASS, Backstage passes to a TAFKAL80ETC concert, 15, 20
BACKSTAGEPASS, Backstage passes to a TAFKAL80ETC concert, 10, 50
BACKSTAGEPASS, Backstage passes to a TAFKAL80ETC concert, 5, 50

-------- day 12 --------
code, name, sellIn, quality
DEXTVEST, +5 Dexterity Vest, 10, 8
AGEDBRIE, Aged Brie, 2, 12
EXILMONGOOSE, Elixir of the Mongoose, 5, 0
SULFRAG, Sulfuras, Hand of Ragnaros, -12, 80
SULFRAG, Sulfuras, Hand of Ragnaros, -13, 80
BACKSTAGEPASS, Backstage passes to a TAFKAL80ETC concert, 15, 20
BACKSTAGEPASS, Backstage passes to a TAFKAL80ETC concert, 10, 50
BACKSTAGEPASS, Backstage passes to a TAFKAL80ETC concert, 5, 50

-------- day 13 --------
code, name, sellIn, quality
DEXTVEST, +5 Dexterity Vest, 10, 7
AGEDBRIE, Aged Brie, 2, 13
EXILMONGOOSE, Elixir of the Mongoose, 5, 0
SULFRAG, Sulfuras, Hand of Ragnaros, -13, 80
SULFRAG, Sulfuras, Hand of Ragnaros, -14, 80
BACKSTAGEPASS, Backstage passes to a TAFKAL80ETC concert, 15, 20
BACKSTAGEPASS, Backstage passes to a TAFKAL80ETC concert, 10, 50
BACKSTAGEPASS, Backstage passes to a TAFKAL80ETC concert, 5, 50

-------- day 14 --------
code, name, sellIn, quality
DEXTVEST, +5 Dexterity Vest, 10, 6
AGEDBRIE, Aged Brie, 2, 14
EXILMONGOOSE, Elixir of the Mongoose, 5, 0
SULFRAG, Sulfuras, Hand of Ragnaros, -14, 80
SULFRAG, Sulfuras, Hand of Ragnaros, -15, 80
BACKSTAGEPASS, Backstage passes to a TAFKAL80ETC concert, 15, 20
BACKSTAGEPASS, Backstage passes to a TAFKAL80ETC concert, 10, 50
BACKSTAGEPASS, Backstage passes to a TAFKAL80ETC concert, 5, 50

-------- day 15 --------
code, name, sellIn, quality
DEXTVEST, +5 Dexterity Vest, 10, 5
AGEDBRIE, Aged Brie, 2, 15
EXILMONGOOSE, Elixir of the Mongoose, 5, 0
SULFRAG, Sulfuras, Hand of Ragnaros, -15, 80
SULFRAG, Sulfuras, Hand of Ragnaros, -16, 80
BACKSTAGEPASS, Backstage passes to a TAFKAL80ETC concert, 15, 20
BACKSTAGEPASS, Backstage passes to a TAFKAL80ETC concert, 10, 50
BACKSTAGEPASS, Backstage passes to a TAFKAL80ETC concert, 5, 50

-------- day 16 --------
code, name, sellIn, quality
DEXTVEST, +5 Dexterity Vest, 10, 4
AGEDBRIE, Aged Brie, 2, 16
EXILMONGOOSE, Elixir of the Mongoose, 5, 0
SULFRAG, Sulfuras, Hand of Ragnaros, -16, 80
SULFRAG, Sulfuras, Hand of Ragnaros, -17, 80
BACKSTAGEPASS, Backstage passes to a TAFKAL80ETC concert, 15, 20
BACKSTAGEPASS, Backstage passes to a TAFKAL80ETC concert, 10, 50
BACKSTAGEPASS, Backstage passes to a TAFKAL80ETC concert, 5, 50

-------- day 17 --------
code, name, sellIn, quality
DEXTVEST, +5 Dexterity Vest, 10, 3
AGEDBRIE, Aged Brie, 2, 17
EXILMONGOOSE, Elixir of the Mongoose, 5, 0
SULFRAG, Sulfuras, Hand of Ragnaros, -17, 80
SULFRAG, Sulfuras, Hand of Ragnaros, -18, 80
BACKSTAGEPASS, Backstage passes to a TAFKAL80ETC concert, 15, 20
BACKSTAGEPASS, Backstage passes to a TAFKAL80ETC concert, 10, 50
BACKSTAGEPASS, Backstage passes to a TAFKAL80ETC concert, 5, 50

-------- day 18 --------
code, name, sellIn, quality
DEXTVEST, +5 Dexterity Vest, 10, 2
AGEDBRIE, Aged Brie, 2, 18
EXILMONGOOSE, Elixir of the Mongoose, 5, 0
SULFRAG, Sulfuras, Hand of Ragnaros, -18, 80
SULFRAG, Sulfuras, Hand of Ragnaros, -19, 80
BACKSTAGEPASS, Backstage passes to a TAFKAL80ETC concert, 15, 20
BACKSTAGEPASS, Backstage passes to a TAFKAL80ETC concert, 10, 50
BACKSTAGEPASS, Backstage passes to a TAFKAL80ETC concert, 5, 50

-------- day 19 --------
code, name, sellIn, quality
DEXTVEST, +5 Dexterity Vest, 10, 1
AGEDBRIE, Aged Brie, 2, 19
EXILMONGOOSE, Elixir of the Mongoose, 5, 0
SULFRAG, Sulfuras, Hand of Ragnaros, -19, 80
SULFRAG, Sulfuras, Hand of Ragnaros, -20, 80
BACKSTAGEPASS, Backstage passes to a TAFKAL80ETC concert, 15, 20
BACKSTAGEPASS, Backstage passes to a TAFKAL80ETC concert, 10, 50
BACKSTAGEPASS, Backstage passes to a TAFKAL80ETC concert, 5, 50

-------- day 20 --------
code, name, sellIn, quality
DEXTVEST, +5 Dexterity Vest, 10, 0
AGEDBRIE, Aged Brie, 2, 20
EXILMONGOOSE, Elixir of the Mongoose, 5, 0
SULFRAG, Sulfuras, Hand of Ragnaros, -20, 80
SULFRAG, Sulfuras, Hand of Ragnaros, -21, 80
BACKSTAGEPASS, Backstage passes to a TAFKAL80ETC concert, 15, 20
BACKSTAGEPASS, Backstage passes to a TAFKAL80ETC concert, 10, 50
BACKSTAGEPASS, Backstage passes to a TAFKAL80ETC concert, 5, 50

-------- day 21 --------
code, name, sellIn, quality
DEXTVEST, +5 Dexterity Vest, 10, 0
AGEDBRIE, Aged Brie, 2, 21
EXILMONGOOSE, Elixir of the Mongoose, 5, 0
SULFRAG, Sulfuras, Hand of Ragnaros, -21, 80
SULFRAG, Sulfuras, Hand of Ragnaros, -22, 80
BACKSTAGEPASS, Backstage passes to a TAFKAL80ETC concert, 15, 20
BACKSTAGEPASS, Backstage passes to a TAFKAL80ETC concert, 10, 50
BACKSTAGEPASS, Backstage passes to a TAFKAL80ETC concert, 5, 50

-------- day 22 --------
code, name, sellIn, quality
DEXTVEST, +5 Dexterity Vest, 10, 0
AGEDBRIE, Aged Brie, 2, 22
EXILMONGOOSE, Elixir of the Mongoose, 5, 0
SULFRAG, Sulfuras, Hand of Ragnaros, -22, 80
SULFRAG, Sulfuras, Hand of Ragnaros, -23, 80
BACKSTAGEPASS, Backstage passes to a TAFKAL80ETC concert, 15, 20
BACKSTAGEPASS, Backstage passes to a TAFKAL80ETC concert, 10, 50
BACKSTAGEPASS, Backstage passes to a TAFKAL80ETC concert, 5, 50

-------- day 23 --------
code, name, sellIn, quality
DEXTVEST, +5 Dexterity Vest, 10, 0
AGEDBRIE, Aged Brie, 2, 23
EXILMONGOOSE, Elixir of the Mongoose, 5, 0
SULFRAG, Sulfuras, Hand of Ragnaros, -23, 80
SULFRAG, Sulfuras, Hand of Ragnaros, -24, 80
BACKSTAGEPASS, Backstage passes to a TAFKAL80ETC concert, 15, 20
BACKSTAGEPASS, Backstage passes to a TAFKAL80ETC concert, 10, 50
BACKSTAGEPASS, Backstage passes to a TAFKAL80ETC concert, 5, 50

-------- day 24 --------
code, name, sellIn, quality
DEXTVEST, +5 Dexterity Vest, 10, 0
AGEDBRIE, Aged Brie, 2, 24
EXILMONGOOSE, Elixir of the Mongoose, 5, 0
SULFRAG, Sulfuras, Hand of Ragnaros, -24, 80
SULFRAG, Sulfuras, Hand of Ragnaros, -25, 80
BACKSTAGEPASS, Backstage passes to a TAFKAL80ETC concert, 15, 20
BACKSTAGEPASS, Backstage passes to a TAFKAL80ETC concert, 10, 50
BACKSTAGEPASS, Backstage passes to a TAFKAL80ETC concert, 5, 50

-------- day 25 --------
code, name, sellIn, quality
DEXTVEST, +5 Dexterity Vest, 10, 0
AGEDBRIE, Aged Brie, 2, 25
EXILMONGOOSE, Elixir of the Mongoose, 5, 0
SULFRAG, Sulfuras, Hand of Ragnaros, -25, 80
SULFRAG, Sulfuras, Hand of Ragnaros, -26, 80
BACKSTAGEPASS, Backstage passes to a TAFKAL80ETC concert, 15, 20
BACKSTAGEPASS, Backstage passes to a TAFKAL80ETC concert, 10, 50
BACKSTAGEPASS, Backstage passes to a TAFKAL80ETC concert, 5, 50

-------- day 26 --------
code, name, sellIn, quality
DEXTVEST, +5 Dexterity Vest, 10, 0
AGEDBRIE, Aged Brie, 2, 26
EXILMONGOOSE, Elixir of the Mongoose, 5, 0
SULFRAG, Sulfuras, Hand of Ragnaros, -26, 80
SULFRAG, Sulfuras, Hand of Ragnaros, -27, 80
BACKSTAGEPASS, Backstage passes to a TAFKAL80ETC concert, 15, 20
BACKSTAGEPASS, Backstage passes to a TAFKAL80ETC concert, 10, 50
BACKSTAGEPASS, Backstage passes to a TAFKAL80ETC concert, 5, 50

-------- day 27 --------
code, name, sellIn, quality
DEXTVEST, +5 Dexterity Vest, 10, 0
AGEDBRIE, Aged Brie, 2, 27
EXILMONGOOSE, Elixir of the Mongoose, 5, 0
SULFRAG, Sulfuras, Hand of Ragnaros, -27, 80
SULFRAG, Sulfuras, Hand of Ragnaros, -28, 80
BACKSTAGEPASS, Backstage passes to a TAFKAL80ETC concert, 15, 20
BACKSTAGEPASS, Backstage passes to a TAFKAL80ETC concert, 10, 50
BACKSTAGEPASS, Backstage passes to a TAFKAL80ETC concert, 5, 50

-------- day 28 --------
code, name, sellIn, quality
DEXTVEST, +5 Dexterity Vest, 10, 0
AGEDBRIE, Aged Brie, 2, 28
EXILMONGOOSE, Elixir of the Mongoose, 5, 0
SULFRAG, Sulfuras, Hand of Ragnaros, -28, 80
SULFRAG, Sulfuras, Hand of Ragnaros, -29, 80
BACKSTAGEPASS, Backstage passes to a TAFKAL80ETC concert, 15, 20
BACKSTAGEPASS, Backstage passes to a TAFKAL80ETC concert, 10, 50
BACKSTAGEPASS, Backstage passes to a TAFKAL80ETC concert, 5, 50

-------- day 29 --------
code, name, sellIn, quality
DEXTVEST, +5 Dexterity Vest, 10, 0
AGEDBRIE, Aged Brie, 2, 29
EXILMONGOOSE, Elixir of the Mongoose, 5, 0
SULFRAG, Sulfuras, Hand of Ragnaros, -29, 80
SULFRAG, Sulfuras, Hand of Ragnaros, -30, 80
BACKSTAGEPASS, Backstage passes to a TAFKAL80ETC concert, 15, 20
BACKSTAGEPASS, Backstage passes to a TAFKAL80ETC concert, 10, 50
BACKSTAGEPASS, Backstage passes to a TAFKAL80ETC concert, 5, 50

-------- day 30 --------
code, name, sellIn, quality
DEXTVEST, +5 Dexterity Vest, 10, 0
AGEDBRIE, Aged Brie, 2, 30
EXILMONGOOSE, Elixir of the Mongoose, 5, 0
SULFRAG, Sulfuras, Hand of Ragnaros, -30, 80
SULFRAG, Sulfuras, Hand of Ragnaros, -31, 80
BACKSTAGEPASS, Backstage passes to a TAFKAL80ETC concert, 15, 20
BACKSTAGEPASS, Backstage passes to a TAFKAL80ETC concert, 10, 50
BACKSTAGEPASS, Backstage passes to a TAFKAL80ETC concert, 5, 50

